{"architecture":"arm64","container":"b2af51419cbf516f3c99b877a64906b21afedc175bd3cd082eb5798e2f277bb4","created":"2022-03-19T16:12:58.923371954Z","docker_version":"20.10.12","history":[{"author":"Author","created":"2023-05-02T02:25:50Z","created_by":"CreatedBy","comment":"Comment"}],"os":"linux","rootfs":{"type":"layers","diff_ids":["sha256:efb53921da3394806160641b72a2cbd34ca1a9a8345ac670a85a04ad3d0e3507"]},"config":{"Cmd":["/hello"],"Env":["PATH=/usr/local/sbin:/usr/local/bin:/usr/sbin:/usr/bin:/sbin:/bin"],"Image":"sha256:cc0fff24c4ece63ade5d9f549e42c926cf569112c4f5c439a4a57f3f33f5588b"},"variant":"v8"}