{"architecture":"arm64","container":"b2af51419cbf516f3c99b877a64906b21afedc175bd3cd082eb5798e2f277bb4","created":"2022-03-19T16:12:58.923371954Z","docker_version":"20.10.12","history":[{"created":"2022-03-19T16:12:58.834095198Z","created_by":"/bin/sh -c #(nop) COPY file:a79dd5bda1e77203401956a93401d3aef45221fc750295a4291896f3386f4f54 in / "},{"created":"2022-03-19T16:12:58.923371954Z","created_by":"/bin/sh -c #(nop)  CMD [\"/hello\"]","empty_layer":true}],"os":"linux","rootfs":{"type":"layers","diff_ids":["sha256:c3ab8ff13720e8ad9047dd39466b3c8974e592c2fa383d4a3960714caef0c4f2"]},"config":{"Cmd":["/hello"],"Env":["PATH=/usr/local/sbin:/usr/local/bin:/usr/sbin:/usr/bin:/sbin:/bin"],"Image":"sha256:cc0fff24c4ece63ade5d9f549e42c926cf569112c4f5c439a4a57f3f33f5588b"},"variant":"v8"}