{"architecture":"","author":"Author","created":"0001-01-01T00:00:00Z","os":"","rootfs":{"type":"","diff_ids":["sha256:efb53921da3394806160641b72a2cbd34ca1a9a8345ac670a85a04ad3d0e3507"]},"config":{}}